\BOOKMARK [0][-]{section*.1}{\376\377\000A\000b\000s\000t\000r\000a\000c\000t}{}% 1
\BOOKMARK [0][-]{section*.2}{\376\377\000D\000e\000c\000l\000a\000r\000a\000t\000i\000o\000n}{}% 2
\BOOKMARK [0][-]{section*.3}{\376\377\000A\000c\000k\000n\000o\000w\000l\000e\000d\000g\000e\000m\000e\000n\000t\000s}{}% 3
\BOOKMARK [0][-]{chapter*.4}{\376\377\000L\000i\000s\000t\000\040\000o\000f\000\040\000P\000u\000b\000l\000i\000c\000a\000t\000i\000o\000n\000s}{}% 4
\BOOKMARK [0][-]{chapter*.10}{\376\377\000L\000i\000s\000t\000\040\000o\000f\000\040\000F\000i\000g\000u\000r\000e\000s}{}% 5
\BOOKMARK [0][-]{chapter.11}{\376\377\000I\000n\000t\000r\000o\000d\000u\000c\000t\000i\000o\000n}{}% 6
\BOOKMARK [0][-]{chapter.20}{\376\377\000R\000e\000l\000a\000t\000e\000d\000\040\000W\000o\000r\000k\000s}{}% 7
\BOOKMARK [1][-]{section.21}{\376\377\000A\000d\000v\000a\000n\000c\000e\000s\000\040\000i\000n\000\040\000A\000c\000t\000u\000a\000t\000i\000o\000n\000\040\000T\000e\000c\000h\000n\000o\000l\000o\000g\000i\000e\000s\000\040\000f\000o\000r\000\040\000M\000u\000l\000t\000i\000-\000D\000o\000F\000s\000\040\000E\000n\000d\000-\000E\000f\000f\000e\000c\000t\000o\000r\000s\000\040\000i\000n\000\040\000L\000a\000p\000a\000r\000o\000s\000c\000o\000p\000i\000c\000\040\000I\000n\000s\000t\000r\000u\000m\000e\000n\000t\000s}{chapter.20}% 8
\BOOKMARK [2][-]{subsection.22}{\376\377\000R\000e\000p\000l\000a\000c\000e\000m\000e\000n\000t\000s\000\040\000o\000f\000\040\000D\000r\000i\000v\000e\000n\000\040\000M\000o\000t\000o\000r\000s}{section.21}% 9
\BOOKMARK [2][-]{subsection.25}{\376\377\000A\000d\000d\000i\000t\000i\000o\000n\000a\000l\000\040\000S\000e\000n\000s\000o\000r\000s}{section.21}% 10
\BOOKMARK [2][-]{subsection.26}{\376\377\000N\000o\000v\000e\000l\000\040\000S\000t\000r\000u\000c\000t\000u\000r\000e\000s\000\040\000o\000f\000\040\000t\000h\000e\000\040\000T\000i\000p\000\040\000a\000n\000d\000\040\000R\000o\000d\000\040\000D\000e\000s\000i\000g\000n\000\040}{section.21}% 11
\BOOKMARK [2][-]{subsection.29}{\376\377\000A\000I\000-\000a\000s\000s\000i\000s\000t\000e\000d\000\040\000M\000o\000n\000i\000t\000o\000r\000\040\000a\000n\000d\000\040\000C\000o\000n\000t\000r\000o\000l}{section.21}% 12
\BOOKMARK [1][-]{section.30}{\376\377\000D\000e\000v\000e\000l\000o\000p\000m\000e\000n\000t\000\040\000o\000f\000\040\000A\000d\000a\000p\000t\000i\000v\000e\000\040\000G\000r\000a\000s\000p\000i\000n\000g\000\040\000a\000n\000d\000\040\000i\000t\000s\000\040\000a\000p\000p\000l\000i\000c\000a\000t\000i\000o\000n}{chapter.20}% 13
\BOOKMARK [2][-]{subsection.31}{\376\377\000T\000h\000e\000\040\000N\000e\000c\000e\000s\000s\000a\000r\000y\000\040\000o\000f\000\040\000E\000n\000v\000e\000l\000o\000p\000i\000n\000g\000\040\000a\000n\000d\000\040\000E\000n\000c\000i\000r\000c\000l\000i\000n\000g\000\040\000G\000r\000a\000s\000p\000i\000n\000g}{section.30}% 14
\BOOKMARK [2][-]{subsection.33}{\376\377\000G\000r\000a\000s\000p\000i\000n\000g\000\040\000S\000y\000s\000t\000e\000m\000\040\000w\000i\000t\000h\000\040\000I\000n\000t\000e\000g\000r\000a\000t\000e\000d\000\040\000S\000e\000n\000s\000o\000r\000s}{section.30}% 15
\BOOKMARK [2][-]{subsection.35}{\376\377\000D\000e\000s\000i\000g\000n\000i\000n\000g\000\040\000f\000o\000r\000\040\000t\000h\000e\000\040\000P\000h\000y\000s\000i\000c\000a\000l\000\040\000P\000r\000o\000p\000e\000r\000t\000i\000e\000s\000\040\000o\000f\000\040\000S\000o\000f\000t\000\040\000G\000r\000i\000p\000p\000e\000r}{section.30}% 16
\BOOKMARK [2][-]{subsection.37}{\376\377\000A\000d\000v\000a\000n\000c\000e\000m\000e\000n\000t\000\040\000o\000f\000\040\000G\000r\000a\000s\000p\000\040\000P\000l\000a\000n\000n\000i\000n\000g\000\040\000A\000l\000g\000o\000r\000i\000t\000h\000m\000\040\000f\000o\000r\000\040\000L\000a\000s\000s\000o\000\040\000G\000r\000i\000p\000p\000e\000r\000s}{section.30}% 17
\BOOKMARK [2][-]{subsection.39}{\376\377\000A\000p\000p\000l\000i\000c\000a\000t\000i\000o\000n\000\040\000o\000f\000\040\000L\000a\000s\000s\000o\000\040\000G\000r\000i\000p\000p\000e\000r\000s\000\040\000i\000n\000\040\000R\000e\000a\000l\000-\000W\000o\000r\000l\000d\000\040\000S\000c\000e\000n\000a\000r\000i\000o\000s}{section.30}% 18
\BOOKMARK [2][-]{subsection.41}{\376\377\000T\000h\000e\000\040\000B\000a\000l\000a\000n\000c\000e\000\040\000b\000e\000t\000w\000e\000e\000n\000\040\000F\000l\000e\000x\000i\000b\000i\000l\000i\000t\000y\000\040\000a\000n\000d\000\040\000S\000t\000r\000e\000n\000g\000t\000h}{section.30}% 19
\BOOKMARK [0][-]{chapter.45}{\376\377\000L\000a\000s\000s\000o\000\040\000G\000r\000i\000p\000p\000e\000r\000:\000\040\000D\000e\000s\000i\000g\000n\000,\000\040\000A\000n\000a\000l\000y\000s\000i\000s\000,\000\040\000a\000n\000d\000\040\000E\000x\000p\000e\000r\000i\000m\000e\000n\000t\000s}{}% 20
\BOOKMARK [1][-]{section.46}{\376\377\000D\000e\000s\000i\000g\000n\000\040\000a\000n\000d\000\040\000P\000r\000i\000n\000c\000i\000p\000l\000e}{chapter.45}% 21
\BOOKMARK [2][-]{subsection.49}{\376\377\000S\000t\000r\000i\000n\000g\000\040\000S\000h\000o\000o\000t\000i\000n\000g\000\040\000a\000n\000d\000\040\000R\000e\000t\000r\000a\000c\000t\000i\000o\000n\000\040\000M\000e\000c\000h\000a\000n\000i\000s\000m}{section.46}% 22
\BOOKMARK [2][-]{subsection.51}{\376\377\000T\000h\000e\000\040\000E\000S\000P\0003\0002\000\040\000M\000a\000i\000n\000\040\000C\000o\000n\000t\000r\000o\000l\000l\000e\000r\000\040\000f\000o\000r\000\040\000L\000a\000s\000s\000o\000\040\000G\000r\000i\000p\000p\000e\000r}{section.46}% 23
\BOOKMARK [1][-]{section.53}{\376\377\000I\000m\000p\000l\000i\000c\000a\000t\000i\000o\000n\000s\000\040\000f\000o\000r\000\040\000T\000e\000n\000d\000o\000n\000-\000D\000r\000i\000v\000e\000n\000\040\000M\000e\000c\000h\000a\000n\000i\000s\000m\000s\000\040\000a\000n\000d\000\040\000M\000e\000d\000i\000c\000a\000l\000\040\000D\000e\000v\000i\000c\000e\000s}{chapter.45}% 24
\BOOKMARK [1][-]{section.54}{\376\377\000G\000r\000i\000p\000p\000i\000n\000g\000\040\000A\000l\000g\000o\000r\000i\000t\000h\000m\000\040\000D\000e\000s\000i\000g\000n}{chapter.45}% 25
\BOOKMARK [2][-]{subsection.55}{}{section.54}% 26
\BOOKMARK [2][-]{subsection.57}{\376\377\000L\000o\000o\000p\000\040\000P\000o\000s\000i\000t\000i\000o\000n\000i\000n\000g\000\040\000a\000n\000d\000\040\000T\000i\000g\000h\000t\000e\000n\000i\000n\000g}{section.54}% 27
\BOOKMARK [2][-]{subsection.66}{\376\377\000R\000e\000a\000l\000-\000T\000i\000m\000e\000\040\000F\000e\000e\000d\000b\000a\000c\000k\000\040\000a\000n\000d\000\040\000A\000d\000j\000u\000s\000t\000m\000e\000n\000t}{section.54}% 28
\BOOKMARK [1][-]{section.67}{\376\377\000D\000y\000n\000a\000m\000i\000c\000s\000\040\000o\000f\000\040\000t\000h\000e\000\040\000S\000t\000r\000i\000n\000g\000\040\000L\000o\000o\000p}{chapter.45}% 29
\BOOKMARK [2][-]{subsection.68}{\376\377\000T\000h\000e\000\040\000D\000y\000n\000a\000m\000i\000c\000s\000\040\000o\000f\000\040\000S\000t\000r\000i\000n\000g\000\040\000A\000n\000a\000l\000y\000s\000i\000s}{section.67}% 30
\BOOKMARK [1][-]{section.73}{\376\377\000T\000h\000e\000\040\000w\000o\000r\000k\000s\000p\000a\000c\000e\000\040\000a\000n\000a\000l\000y\000s\000i\000s}{chapter.45}% 31
\BOOKMARK [1][-]{section.76}{\376\377\000E\000x\000p\000e\000r\000i\000m\000e\000n\000t\000a\000l\000\040\000V\000a\000l\000i\000d\000a\000t\000i\000o\000n}{chapter.45}% 32
\BOOKMARK [2][-]{subsection.77}{\376\377\000O\000b\000j\000e\000c\000t\000i\000v\000e\000s}{section.76}% 33
\BOOKMARK [2][-]{subsection.82}{\376\377\000E\000x\000p\000e\000r\000i\000m\000e\000n\000t\000a\000l\000\040\000S\000e\000t\000u\000p}{section.76}% 34
\BOOKMARK [2][-]{subsection.87}{\376\377\000E\000x\000p\000e\000r\000i\000m\000e\000n\000t\000a\000l\000\040\000P\000r\000o\000c\000e\000d\000u\000r\000e}{section.76}% 35
\BOOKMARK [1][-]{section.91}{\376\377\000D\000a\000t\000a\000\040\000C\000o\000l\000l\000e\000c\000t\000i\000o\000n\000\040\000a\000n\000d\000\040\000A\000n\000a\000l\000y\000s\000i\000s}{chapter.45}% 36
\BOOKMARK [1][-]{section.92}{\376\377\000R\000e\000s\000u\000l\000t\000s\000\040\000A\000n\000d\000\040\000D\000i\000s\000c\000u\000s\000s\000i\000o\000n}{chapter.45}% 37
\BOOKMARK [2][-]{subsection.93}{\376\377\000V\000a\000r\000i\000o\000u\000s\000\040\000O\000b\000j\000e\000c\000t\000s\000\040\000G\000r\000a\000s\000p\000i\000n\000g\000\040\000R\000e\000s\000u\000l\000t\000s}{section.92}% 38
\BOOKMARK [2][-]{subsection.98}{\376\377\000C\000o\000m\000p\000a\000r\000i\000s\000o\000n\000s\000\040\000w\000i\000t\000h\000\040\000A\000n\000t\000i\000p\000o\000d\000a\000l\000\040\000P\000o\000i\000n\000t\000\040\000G\000r\000i\000p\000p\000e\000r}{section.92}% 39
\BOOKMARK [0][-]{chapter.100}{\376\377\000I\000n\000n\000o\000v\000a\000t\000i\000v\000e\000\040\000D\000e\000s\000i\000g\000n\000\040\000o\000f\000\040\000a\000\040\000H\000a\000n\000d\000h\000e\000l\000d\000\040\000S\000u\000r\000g\000i\000c\000a\000l\000\040\000I\000n\000s\000t\000r\000u\000m\000e\000n\000t\000\040\000B\000a\000l\000a\000n\000c\000i\000n\000g\000\040\000W\000e\000i\000g\000h\000t\000\040\000a\000n\000d\000\040\000F\000u\000n\000c\000t\000i\000o\000n\000a\000l\000i\000t\000y}{}% 40
\BOOKMARK [1][-]{section.101}{\376\377\000N\000e\000c\000e\000s\000s\000i\000t\000y\000\040\000T\000o\000\040\000D\000e\000v\000e\000l\000o\000p\000\040\000H\000a\000n\000d\000h\000e\000l\000d\000\040\000M\000o\000t\000o\000r\000i\000z\000e\000d\000\040\000M\000e\000d\000i\000c\000a\000l\000\040\000I\000n\000s\000t\000r\000u\000m\000e\000n\000t}{chapter.100}% 41
\BOOKMARK [1][-]{section.102}{\376\377\000C\000o\000r\000e\000\040\000D\000e\000s\000i\000g\000n\000\040\000A\000d\000v\000a\000n\000t\000a\000g\000e\000s\000\040\000f\000o\000r\000\040\000H\000a\000n\000d\000-\000H\000e\000l\000d\000\040\000A\000p\000p\000l\000i\000c\000a\000t\000i\000o\000n\000s}{chapter.100}% 42
\BOOKMARK [1][-]{section.103}{\376\377\000D\000e\000f\000i\000n\000i\000n\000g\000\040\000P\000e\000r\000f\000o\000r\000m\000a\000n\000c\000e\000\040\000M\000e\000t\000r\000i\000c\000s\000\040\000f\000o\000r\000\040\000S\000t\000r\000u\000c\000t\000u\000r\000a\000l\000\040\000D\000e\000s\000i\000g\000n}{chapter.100}% 43
\BOOKMARK [1][-]{section.104}{\376\377\000P\000a\000t\000h\000w\000a\000y\000\040\000t\000o\000\040\000S\000t\000r\000u\000c\000t\000u\000r\000a\000l\000\040\000I\000m\000p\000l\000e\000m\000e\000n\000t\000a\000t\000i\000o\000n}{chapter.100}% 44
\BOOKMARK [2][-]{subsection.108}{\376\377\000R\000e\000l\000a\000t\000i\000o\000n\000\040\000t\000o\000\040\000t\000h\000e\000\040\000L\000a\000s\000s\000o\000\040\000G\000r\000i\000p\000p\000e\000r\000\040\000a\000n\000d\000\040\000M\000e\000c\000h\000a\000n\000i\000s\000m\000-\000F\000o\000c\000u\000s\000e\000d\000\040\000T\000h\000e\000s\000i\000s}{section.104}% 45
\BOOKMARK [1][-]{section.109}{\376\377\000M\000e\000c\000h\000a\000n\000i\000s\000m\000\040\000a\000n\000d\000\040\000D\000e\000s\000i\000g\000n}{chapter.100}% 46
\BOOKMARK [2][-]{subsection.110}{\376\377\000O\000u\000t\000p\000u\000t\000\040\000M\000o\000t\000o\000r\000s}{section.109}% 47
\BOOKMARK [2][-]{subsection.111}{\376\377\000I\000n\000p\000u\000t\000\040\000M\000o\000t\000o\000r\000s\000\040\000a\000n\000d\000\040\000S\000e\000n\000s\000o\000r\000s}{section.109}% 48
\BOOKMARK [1][-]{section.114}{\376\377\000C\000a\000b\000l\000e\000\040\000R\000o\000u\000t\000i\000n\000g\000\040\000a\000n\000d\000\040\000G\000u\000i\000d\000a\000n\000c\000e\000\040\000S\000y\000s\000t\000e\000m}{chapter.100}% 49
\BOOKMARK [2][-]{subsection.115}{\376\377\000T\000i\000p\000\040\000D\000e\000s\000i\000g\000n}{section.114}% 50
\BOOKMARK [2][-]{subsection.117}{\376\377\000R\000e\000e\000l}{section.114}% 51
\BOOKMARK [2][-]{subsection.119}{\376\377\000M\000o\000t\000o\000r\000\040\000A\000r\000r\000a\000n\000g\000e\000m\000e\000n\000t\000\040\000a\000n\000d\000\040\000Q\000u\000i\000c\000k\000-\000S\000w\000a\000p\000\040\000M\000e\000c\000h\000a\000n\000i\000s\000m}{section.114}% 52
\BOOKMARK [2][-]{subsection.121}{\376\377\000I\000n\000p\000u\000t\000\040\000D\000e\000s\000i\000g\000n}{section.114}% 53
\BOOKMARK [1][-]{section.123}{\376\377\000C\000o\000n\000t\000r\000o\000l\000\040\000S\000t\000r\000a\000t\000e\000g\000y}{chapter.100}% 54
\BOOKMARK [2][-]{subsection.124}{\376\377\000D\000i\000g\000i\000t\000a\000l\000\040\000S\000i\000g\000n\000a\000l\000\040\000L\000o\000g\000i\000c}{section.123}% 55
\BOOKMARK [2][-]{subsection.125}{\376\377\000H\000u\000m\000a\000n\000-\000M\000a\000c\000h\000i\000n\000e\000\040\000I\000n\000t\000e\000r\000f\000a\000c\000e}{section.123}% 56
\BOOKMARK [0][-]{chapter.126}{\376\377\000F\000u\000t\000u\000r\000e\000\040\000W\000o\000r\000k\000s}{}% 57
\BOOKMARK [1][-]{section.127}{\376\377\000S\000u\000r\000g\000i\000c\000a\000l\000\040\000I\000n\000s\000t\000r\000u\000m\000e\000n\000t\000s}{chapter.126}% 58
\BOOKMARK [2][-]{subsection.128}{\376\377\000E\000n\000h\000a\000n\000c\000e\000d\000\040\000P\000r\000e\000c\000i\000s\000i\000o\000n\000\040\000t\000h\000r\000o\000u\000g\000h\000\040\000A\000d\000a\000p\000t\000i\000v\000e\000\040\000L\000e\000a\000r\000n\000i\000n\000g\000-\000b\000a\000s\000e\000d\000\040\000C\000o\000n\000t\000r\000o\000l}{section.127}% 59
\BOOKMARK [2][-]{subsection.129}{\376\377\000E\000x\000p\000a\000n\000d\000e\000d\000\040\000M\000o\000d\000u\000l\000a\000r\000i\000t\000y\000\040\000a\000n\000d\000\040\000C\000o\000n\000t\000e\000x\000t\000-\000A\000w\000a\000r\000e\000\040\000O\000p\000e\000r\000a\000t\000i\000o\000n}{section.127}% 60
\BOOKMARK [1][-]{section.130}{\376\377\000F\000u\000r\000t\000h\000e\000r\000\040\000A\000p\000p\000l\000i\000c\000a\000t\000i\000o\000n\000s\000\040\000o\000f\000\040\000L\000a\000s\000s\000o\000\040\000G\000r\000i\000p\000p\000e\000r}{chapter.126}% 61
\BOOKMARK [2][-]{subsection.131}{\376\377\000M\000u\000l\000t\000i\000-\000L\000o\000o\000p\000\040\000C\000o\000n\000f\000i\000g\000u\000r\000a\000t\000i\000o\000n}{section.130}% 62
\BOOKMARK [2][-]{subsection.132}{\376\377\000I\000m\000p\000r\000o\000v\000e\000d\000\040\000G\000r\000i\000p\000p\000i\000n\000g\000\040\000S\000t\000a\000b\000i\000l\000i\000t\000y}{section.130}% 63
\BOOKMARK [2][-]{subsection.133}{\376\377\000E\000n\000h\000a\000n\000c\000e\000d\000\040\000A\000d\000a\000p\000t\000a\000b\000i\000l\000i\000t\000y}{section.130}% 64
\BOOKMARK [2][-]{subsection.134}{\376\377\000M\000o\000b\000i\000l\000e\000\040\000P\000l\000a\000t\000f\000o\000r\000m\000\040\000G\000r\000a\000s\000p\000i\000n\000g}{section.130}% 65
\BOOKMARK [2][-]{subsection.135}{\376\377\000P\000o\000t\000e\000n\000t\000i\000a\000l\000\040\000C\000h\000a\000l\000l\000e\000n\000g\000e\000s\000\040\000a\000n\000d\000\040\000S\000o\000l\000u\000t\000i\000o\000n\000s}{section.130}% 66
\BOOKMARK [0][-]{chapter.136}{\376\377\000C\000o\000n\000c\000l\000u\000s\000i\000o\000n\000s}{}% 67
\BOOKMARK [0][-]{appendix*.137}{\376\377\000B\000i\000b\000l\000i\000o\000g\000r\000a\000p\000h\000y}{}% 68
